
Memory Configuration

Name             Origin             Length             Attributes
FLASH            0x0000000008000000 0x0000000000080000 xr
RAM              0x0000000020000000 0x0000000000018000 xrw
*default*        0x0000000000000000 0xffffffffffffffff

Linker script and memory map

LOAD obj/main.o
LOAD obj/stm32_startup.o
LOAD obj/rcc.o

.text           0x0000000008000000      0x904
 *(.isr_vector)
 .isr_vector    0x0000000008000000      0x194 obj/stm32_startup.o
                0x0000000008000000                __vector_table
 *(.text*)
 .text          0x0000000008000194       0x8c obj/main.o
                0x0000000008000194                main
 .text          0x0000000008000220      0x178 obj/stm32_startup.o
                0x0000000008000220                SystemInit
                0x0000000008000314                SystemCoreClockUpdate
                0x0000000008000384                Reset_Handler
                0x0000000008000392                RTC_Alarm_IRQHandler
                0x0000000008000392                EXTI2_IRQHandler
                0x0000000008000392                DebugMon_Handler
                0x0000000008000392                SPI4_IRQHandler
                0x0000000008000392                TIM1_CC_IRQHandler
                0x0000000008000392                DMA2_Stream5_IRQHandler
                0x0000000008000392                HardFault_Handler
                0x0000000008000392                DMA1_Stream5_IRQHandler
                0x0000000008000392                SysTick_Handler
                0x0000000008000392                PVD_IRQHandler
                0x0000000008000392                SDIO_IRQHandler
                0x0000000008000392                TAMP_STAMP_IRQHandler
                0x0000000008000392                PendSV_Handler
                0x0000000008000392                NMI_Handler
                0x0000000008000392                EXTI3_IRQHandler
                0x0000000008000392                TIM1_UP_TIM10_IRQHandler
                0x0000000008000392                I2C3_ER_IRQHandler
                0x0000000008000392                EXTI0_IRQHandler
                0x0000000008000392                I2C2_EV_IRQHandler
                0x0000000008000392                DMA1_Stream2_IRQHandler
                0x0000000008000392                FPU_IRQHandler
                0x0000000008000392                UsageFault_Handler
                0x0000000008000392                DMA2_Stream2_IRQHandler
                0x0000000008000392                SPI1_IRQHandler
                0x0000000008000392                TIM1_BRK_TIM9_IRQHandler
                0x0000000008000392                DMA2_Stream3_IRQHandler
                0x0000000008000392                USART6_IRQHandler
                0x0000000008000392                DMA2_Stream0_IRQHandler
                0x0000000008000392                TIM4_IRQHandler
                0x0000000008000392                I2C1_EV_IRQHandler
                0x0000000008000392                DMA1_Stream6_IRQHandler
                0x0000000008000392                DMA1_Stream1_IRQHandler
                0x0000000008000392                TIM3_IRQHandler
                0x0000000008000392                RCC_IRQHandler
                0x0000000008000392                Default_Handler
                0x0000000008000392                EXTI15_10_IRQHandler
                0x0000000008000392                ADC_IRQHandler
                0x0000000008000392                DMA1_Stream7_IRQHandler
                0x0000000008000392                TIM5_IRQHandler
                0x0000000008000392                DMA2_Stream7_IRQHandler
                0x0000000008000392                I2C3_EV_IRQHandler
                0x0000000008000392                EXTI9_5_IRQHandler
                0x0000000008000392                RTC_WKUP_IRQHandler
                0x0000000008000392                SPI2_IRQHandler
                0x0000000008000392                MemManage_Handler
                0x0000000008000392                DMA1_Stream0_IRQHandler
                0x0000000008000392                SVC_Handler
                0x0000000008000392                EXTI4_IRQHandler
                0x0000000008000392                WWDG_IRQHandler
                0x0000000008000392                TIM2_IRQHandler
                0x0000000008000392                OTG_FS_WKUP_IRQHandler
                0x0000000008000392                TIM1_TRG_COM_TIM11_IRQHandler
                0x0000000008000392                EXTI1_IRQHandler
                0x0000000008000392                USART2_IRQHandler
                0x0000000008000392                I2C2_ER_IRQHandler
                0x0000000008000392                DMA2_Stream1_IRQHandler
                0x0000000008000392                FLASH_IRQHandler
                0x0000000008000392                DMA2_Stream4_IRQHandler
                0x0000000008000392                BusFault_Handler
                0x0000000008000392                USART1_IRQHandler
                0x0000000008000392                OTG_FS_IRQHandler
                0x0000000008000392                SPI3_IRQHandler
                0x0000000008000392                DMA1_Stream4_IRQHandler
                0x0000000008000392                I2C1_ER_IRQHandler
                0x0000000008000392                DMA2_Stream6_IRQHandler
                0x0000000008000392                DMA1_Stream3_IRQHandler
 .text          0x0000000008000398      0x56c obj/rcc.o
                0x0000000008000398                RCC_GetSystemClockSource
                0x00000000080003ec                RCC_GetPLLClockSource
                0x000000000800042c                RCC_GetSystemClockFrequency
                0x00000000080004e8                RCC_GetPLLPDivisorFactor
                0x000000000800054c                RCC_GetPLLNMultiplicatorFactor
                0x00000000080005b4                RCC_GetPLLMDivisionFactor
                0x00000000080005f8                RCC_GetPLLQDivisorFactor
                0x0000000008000640                RCC_GetPLL48ClockFrequency
                0x00000000080006fc                RCC_GetAHBClockDivisionFactor
                0x00000000080007b8                RCC_GetAPB1ClockDivisionFactor
                0x0000000008000828                RCC_GetAPB2ClockDivisionFactor
 *(.init)
 *(.fini)
 *crtbegin.o(.ctors)
 *crtbegin?.o(.ctors)
 *(EXCLUDE_FILE(*crtend.o *crtend?.o) .ctors)
 *(SORT_BY_NAME(.ctors.*))
 *(.ctors)
 *crtbegin.o(.dtors)
 *crtbegin?.o(.dtors)
 *(EXCLUDE_FILE(*crtend.o *crtend?.o) .dtors)
 *(SORT_BY_NAME(.dtors.*))
 *(.dtors)
 *(.rodata*)
 *(.eh_frame*)

.glue_7         0x0000000008000904        0x0
 .glue_7        0x0000000008000904        0x0 linker stubs

.glue_7t        0x0000000008000904        0x0
 .glue_7t       0x0000000008000904        0x0 linker stubs

.vfp11_veneer   0x0000000008000904        0x0
 .vfp11_veneer  0x0000000008000904        0x0 linker stubs

.v4_bx          0x0000000008000904        0x0
 .v4_bx         0x0000000008000904        0x0 linker stubs

.iplt           0x0000000008000904        0x0
 .iplt          0x0000000008000904        0x0 obj/main.o

.rel.dyn        0x0000000008000904        0x0
 .rel.iplt      0x0000000008000904        0x0 obj/main.o

.ARM.extab
 *(.ARM.extab* .gnu.linkonce.armextab.*)
                0x0000000008000904                __exidx_start = .

.ARM.exidx
 *(.ARM.exidx* .gnu.linkonce.armexidx.*)
                0x0000000008000904                __exidx_end = .
                0x0000000008000904                __etext = .

.data           0x0000000020000000        0x0 load address 0x0000000008000904
                0x0000000020000000                __data_start__ = .
 *(vtable)
 *(.data*)
 .data          0x0000000020000000        0x0 obj/main.o
 .data          0x0000000020000000        0x0 obj/stm32_startup.o
 .data          0x0000000020000000        0x0 obj/rcc.o
                0x0000000020000000                . = ALIGN (0x4)
                [!provide]                        PROVIDE (__preinit_array_start = .)
 *(.preinit_array)
                [!provide]                        PROVIDE (__preinit_array_end = .)
                0x0000000020000000                . = ALIGN (0x4)
                [!provide]                        PROVIDE (__init_array_start = .)
 *(SORT_BY_NAME(.init_array.*))
 *(.init_array)
                [!provide]                        PROVIDE (__init_array_end = .)
                0x0000000020000000                . = ALIGN (0x4)
                [!provide]                        PROVIDE (__fini_array_start = .)
 *(SORT_BY_NAME(.fini_array.*))
 *(.fini_array)
                [!provide]                        PROVIDE (__fini_array_end = .)
 *(.jcr*)
                0x0000000020000000                . = ALIGN (0x4)
                0x0000000020000000                __data_end__ = .

.igot.plt       0x0000000020000000        0x0 load address 0x0000000008000904
 .igot.plt      0x0000000020000000        0x0 obj/main.o

.bss            0x0000000020000000        0x4 load address 0x0000000008000904
                0x0000000020000000                . = ALIGN (0x4)
                0x0000000020000000                __bss_start__ = .
 *(.bss*)
 .bss           0x0000000020000000        0x0 obj/main.o
 .bss           0x0000000020000000        0x4 obj/stm32_startup.o
                0x0000000020000000                SystemCoreClock
 .bss           0x0000000020000004        0x0 obj/rcc.o
 *(COMMON)
                0x0000000020000004                . = ALIGN (0x4)
                0x0000000020000004                __bss_end__ = .

.heap           0x0000000020000004        0x0
                0x0000000020000004                __end__ = .
                [!provide]                        PROVIDE (end = .)
 *(.heap*)
                0x0000000020000004                __HeapLimit = .

.stack_dummy    0x0000000020000004        0x0
 *(.stack*)
                0x0000000020018000                __StackTop = (ORIGIN (RAM) + LENGTH (RAM))
                0x0000000020018000                __StackLimit = (__StackTop - SIZEOF (.stack_dummy))
                0x0000000020018000                PROVIDE (__stack = __StackTop)
                0x0000000000000001                ASSERT ((__StackLimit >= __HeapLimit), region RAM overflowed with stack)
OUTPUT(bin/stm32f401-exe.elf elf32-littlearm)
LOAD linker stubs

.comment        0x0000000000000000       0x49
 .comment       0x0000000000000000       0x49 obj/main.o
                                         0x4a (size before relaxing)
 .comment       0x0000000000000049       0x4a obj/stm32_startup.o
 .comment       0x0000000000000049       0x4a obj/rcc.o

.ARM.attributes
                0x0000000000000000       0x2e
 .ARM.attributes
                0x0000000000000000       0x2e obj/main.o
 .ARM.attributes
                0x000000000000002e       0x2e obj/stm32_startup.o
 .ARM.attributes
                0x000000000000005c       0x2e obj/rcc.o
