
Memory Configuration

Name             Origin             Length             Attributes
FLASH            0x0000000008000000 0x0000000000080000 xr
RAM              0x0000000020000000 0x0000000000018000 xrw
*default*        0x0000000000000000 0xffffffffffffffff

Linker script and memory map

LOAD obj/main.o
LOAD obj/stm32_startup.o
LOAD obj/application_delay.o
LOAD obj/delayServices.o
LOAD obj/Port.o

.text           0x0000000008000000      0x470
 *(.isr_vector)
 .isr_vector    0x0000000008000000      0x194 obj/stm32_startup.o
                0x0000000008000000                __vector_table
 *(.text*)
 .text          0x0000000008000194       0x3c obj/main.o
                0x0000000008000194                main
 .text          0x00000000080001d0      0x178 obj/stm32_startup.o
                0x00000000080001d0                SystemInit
                0x00000000080002c4                SystemCoreClockUpdate
                0x0000000008000334                Reset_Handler
                0x0000000008000342                RTC_Alarm_IRQHandler
                0x0000000008000342                EXTI2_IRQHandler
                0x0000000008000342                DebugMon_Handler
                0x0000000008000342                SPI4_IRQHandler
                0x0000000008000342                TIM1_CC_IRQHandler
                0x0000000008000342                DMA2_Stream5_IRQHandler
                0x0000000008000342                HardFault_Handler
                0x0000000008000342                DMA1_Stream5_IRQHandler
                0x0000000008000342                SysTick_Handler
                0x0000000008000342                PVD_IRQHandler
                0x0000000008000342                SDIO_IRQHandler
                0x0000000008000342                TAMP_STAMP_IRQHandler
                0x0000000008000342                PendSV_Handler
                0x0000000008000342                NMI_Handler
                0x0000000008000342                EXTI3_IRQHandler
                0x0000000008000342                TIM1_UP_TIM10_IRQHandler
                0x0000000008000342                I2C3_ER_IRQHandler
                0x0000000008000342                EXTI0_IRQHandler
                0x0000000008000342                I2C2_EV_IRQHandler
                0x0000000008000342                DMA1_Stream2_IRQHandler
                0x0000000008000342                FPU_IRQHandler
                0x0000000008000342                UsageFault_Handler
                0x0000000008000342                DMA2_Stream2_IRQHandler
                0x0000000008000342                SPI1_IRQHandler
                0x0000000008000342                TIM1_BRK_TIM9_IRQHandler
                0x0000000008000342                DMA2_Stream3_IRQHandler
                0x0000000008000342                USART6_IRQHandler
                0x0000000008000342                DMA2_Stream0_IRQHandler
                0x0000000008000342                TIM4_IRQHandler
                0x0000000008000342                I2C1_EV_IRQHandler
                0x0000000008000342                DMA1_Stream6_IRQHandler
                0x0000000008000342                DMA1_Stream1_IRQHandler
                0x0000000008000342                TIM3_IRQHandler
                0x0000000008000342                RCC_IRQHandler
                0x0000000008000342                Default_Handler
                0x0000000008000342                EXTI15_10_IRQHandler
                0x0000000008000342                ADC_IRQHandler
                0x0000000008000342                DMA1_Stream7_IRQHandler
                0x0000000008000342                TIM5_IRQHandler
                0x0000000008000342                DMA2_Stream7_IRQHandler
                0x0000000008000342                I2C3_EV_IRQHandler
                0x0000000008000342                EXTI9_5_IRQHandler
                0x0000000008000342                RTC_WKUP_IRQHandler
                0x0000000008000342                SPI2_IRQHandler
                0x0000000008000342                MemManage_Handler
                0x0000000008000342                DMA1_Stream0_IRQHandler
                0x0000000008000342                SVC_Handler
                0x0000000008000342                EXTI4_IRQHandler
                0x0000000008000342                WWDG_IRQHandler
                0x0000000008000342                TIM2_IRQHandler
                0x0000000008000342                OTG_FS_WKUP_IRQHandler
                0x0000000008000342                TIM1_TRG_COM_TIM11_IRQHandler
                0x0000000008000342                EXTI1_IRQHandler
                0x0000000008000342                USART2_IRQHandler
                0x0000000008000342                I2C2_ER_IRQHandler
                0x0000000008000342                DMA2_Stream1_IRQHandler
                0x0000000008000342                FLASH_IRQHandler
                0x0000000008000342                DMA2_Stream4_IRQHandler
                0x0000000008000342                BusFault_Handler
                0x0000000008000342                USART1_IRQHandler
                0x0000000008000342                OTG_FS_IRQHandler
                0x0000000008000342                SPI3_IRQHandler
                0x0000000008000342                DMA1_Stream4_IRQHandler
                0x0000000008000342                I2C1_ER_IRQHandler
                0x0000000008000342                DMA2_Stream6_IRQHandler
                0x0000000008000342                DMA1_Stream3_IRQHandler
 .text          0x0000000008000348       0x1a obj/application_delay.o
                0x0000000008000348                set_delay_mS
 .text          0x0000000008000362       0x3e obj/delayServices.o
                0x0000000008000362                delay_mS
 .text          0x00000000080003a0       0xb4 obj/Port.o
                0x00000000080003a0                Port_Init
                0x0000000008000404                Port_SetPinDirection
                0x000000000800041e                Port_RefreshPortDirection
                0x000000000800042a                Port_GetVersionInfo
                0x000000000800043c                Port_SetPinMode
 *(.init)
 *(.fini)
 *crtbegin.o(.ctors)
 *crtbegin?.o(.ctors)
 *(EXCLUDE_FILE(*crtend.o *crtend?.o) .ctors)
 *(SORT_BY_NAME(.ctors.*))
 *(.ctors)
 *crtbegin.o(.dtors)
 *crtbegin?.o(.dtors)
 *(EXCLUDE_FILE(*crtend.o *crtend?.o) .dtors)
 *(SORT_BY_NAME(.dtors.*))
 *(.dtors)
 *(.rodata*)
 .rodata        0x0000000008000454        0x4 obj/main.o
 .rodata        0x0000000008000458       0x18 obj/Port.o
 *(.eh_frame*)

.glue_7         0x0000000008000470        0x0
 .glue_7        0x0000000008000470        0x0 linker stubs

.glue_7t        0x0000000008000470        0x0
 .glue_7t       0x0000000008000470        0x0 linker stubs

.vfp11_veneer   0x0000000008000470        0x0
 .vfp11_veneer  0x0000000008000470        0x0 linker stubs

.v4_bx          0x0000000008000470        0x0
 .v4_bx         0x0000000008000470        0x0 linker stubs

.iplt           0x0000000008000470        0x0
 .iplt          0x0000000008000470        0x0 obj/main.o

.rel.dyn        0x0000000008000470        0x0
 .rel.iplt      0x0000000008000470        0x0 obj/main.o

.ARM.extab
 *(.ARM.extab* .gnu.linkonce.armextab.*)
                0x0000000008000470                __exidx_start = .

.ARM.exidx
 *(.ARM.exidx* .gnu.linkonce.armexidx.*)
                0x0000000008000470                __exidx_end = .
                0x0000000008000470                __etext = .

.data           0x0000000020000000       0x18 load address 0x0000000008000470
                0x0000000020000000                __data_start__ = .
 *(vtable)
 *(.data*)
 .data          0x0000000020000000        0x0 obj/main.o
 .data          0x0000000020000000        0x0 obj/stm32_startup.o
 .data          0x0000000020000000        0x0 obj/application_delay.o
 .data          0x0000000020000000        0x0 obj/delayServices.o
 .data          0x0000000020000000       0x18 obj/Port.o
                0x0000000020000018                . = ALIGN (0x4)
                [!provide]                        PROVIDE (__preinit_array_start = .)
 *(.preinit_array)
                [!provide]                        PROVIDE (__preinit_array_end = .)
                0x0000000020000018                . = ALIGN (0x4)
                [!provide]                        PROVIDE (__init_array_start = .)
 *(SORT_BY_NAME(.init_array.*))
 *(.init_array)
                [!provide]                        PROVIDE (__init_array_end = .)
                0x0000000020000018                . = ALIGN (0x4)
                [!provide]                        PROVIDE (__fini_array_start = .)
 *(SORT_BY_NAME(.fini_array.*))
 *(.fini_array)
                [!provide]                        PROVIDE (__fini_array_end = .)
 *(.jcr*)
                0x0000000020000018                . = ALIGN (0x4)
                0x0000000020000018                __data_end__ = .

.igot.plt       0x0000000020000018        0x0 load address 0x0000000008000488
 .igot.plt      0x0000000020000018        0x0 obj/main.o

.bss            0x0000000020000018        0x4 load address 0x0000000008000488
                0x0000000020000018                . = ALIGN (0x4)
                0x0000000020000018                __bss_start__ = .
 *(.bss*)
 .bss           0x0000000020000018        0x0 obj/main.o
 .bss           0x0000000020000018        0x4 obj/stm32_startup.o
                0x0000000020000018                SystemCoreClock
 .bss           0x000000002000001c        0x0 obj/application_delay.o
 .bss           0x000000002000001c        0x0 obj/delayServices.o
 .bss           0x000000002000001c        0x0 obj/Port.o
 *(COMMON)
                0x000000002000001c                . = ALIGN (0x4)
                0x000000002000001c                __bss_end__ = .

.heap           0x000000002000001c        0x0
                0x000000002000001c                __end__ = .
                [!provide]                        PROVIDE (end = .)
 *(.heap*)
                0x000000002000001c                __HeapLimit = .

.stack_dummy    0x000000002000001c        0x0
 *(.stack*)
                0x0000000020018000                __StackTop = (ORIGIN (RAM) + LENGTH (RAM))
                0x0000000020018000                __StackLimit = (__StackTop - SIZEOF (.stack_dummy))
                0x0000000020018000                PROVIDE (__stack = __StackTop)
                0x0000000000000001                ASSERT ((__StackLimit >= __HeapLimit), region RAM overflowed with stack)
OUTPUT(bin/stm32f401-exe.elf elf32-littlearm)
LOAD linker stubs

.comment        0x0000000000000000       0x49
 .comment       0x0000000000000000       0x49 obj/main.o
                                         0x4a (size before relaxing)
 .comment       0x0000000000000049       0x4a obj/stm32_startup.o
 .comment       0x0000000000000049       0x4a obj/application_delay.o
 .comment       0x0000000000000049       0x4a obj/delayServices.o
 .comment       0x0000000000000049       0x4a obj/Port.o

.ARM.attributes
                0x0000000000000000       0x2e
 .ARM.attributes
                0x0000000000000000       0x2e obj/main.o
 .ARM.attributes
                0x000000000000002e       0x2e obj/stm32_startup.o
 .ARM.attributes
                0x000000000000005c       0x2e obj/application_delay.o
 .ARM.attributes
                0x000000000000008a       0x2e obj/delayServices.o
 .ARM.attributes
                0x00000000000000b8       0x2e obj/Port.o
